// Jest Snapshot v1, https://goo.gl/fbAQLP

exports[`should test snapshot and smoke test 1`] = `[Function]`;
